// Jest Snapshot v1, https://goo.gl/fbAQLP

exports[`should render the dashboard page correctly 1`] = `
<div
  className="main-container"
>
  <header
    className="header"
  >
    <div
      className="content-container"
    >
      <div
        className="header__content"
      >
        <h1>
          Router Finder App
        </h1>
      </div>
    </div>
  </header>
  <div
    className="content"
  >
    <div
      className="form-container"
    >
      <form
        className="form"
        onSubmit={[Function]}
      >
        <div>
          <label>
             
            Starting location
             
          </label>
          <input
            className="text-input"
            name="startingLocation"
            onChange={[Function]}
            type="text"
          />
        </div>
        <div>
          <label>
             
            Drop-off point
             
          </label>
          <input
            className="text-input"
            name="dropOffPoint"
            onChange={[Function]}
            type="text"
          />
        </div>
        <div
          className="route-info"
        />
        <div
          className="button-container"
        >
          <button
            className="button"
            disabled={true}
            type="submit"
          >
             
            Submit
             
          </button>
          <button
            className="button"
            onClick={[Function]}
            type="reset"
          >
             Reset 
          </button>
        </div>
      </form>
    </div>
    <div
      className="map-container"
    >
      <div
        id="map"
      />
    </div>
  </div>
</div>
`;
