// Jest Snapshot v1, https://goo.gl/fbAQLP

exports[`should render the header correctly 1`] = `
<header
  className="header"
>
  <div
    className="content-container"
  >
    <div
      className="header__content"
    >
      <h1>
        Router Finder App
      </h1>
    </div>
  </div>
</header>
`;
